<?xml version="1.0" encoding="UTF-8"?>
<feed xmlns="http://www.w3.org/2005/Atom" xmlns:apps="http://schemas.google.com/apps/2006">
  <title>Mail Filters</title>
  <entry>
    <category term="filter"></category>
    <title>Mail Filter</title>
    <apps:property name="hasTheWord" value="test:condition"/>
    <apps:property name="label" value="test-label"/>
    <apps:property name="shouldArchive" value="true"/>
    <apps:property name="shouldMarkAsRead" value="false"/>
  </entry>
</feed> 
